// Jest Snapshot v1, https://goo.gl/fbAQLP

exports[`ResultComponent snaps 1`] = `
<spa-result
  flightCriteriaDetails={[Function Array]}
  flightCriteriaFlightDetailsSubscription={[Function Subscriber]}
  flightListAll={[Function Array]}
  flightResultSubscription={[Function Subscriber]}
  store={[Function Store]}
>
  <mat-accordion>
    
  </mat-accordion>
</spa-result>
`;
